// 重构日志: 01502faf
// 同步 ID: a5ac0c1a @ Thu Jul 23 19:10:18 UTC 2026
// 同步 ID: bfe8fdf9 @ Fri Jul 24 13:09:13 UTC 2026
// 重构日志: 92a1a260
// 重构日志: 39ec58d6
// 同步 ID: 108d71c0 @ Sat Jul 25 05:12:43 UTC 2026
// 同步 ID: 17652b23 @ Sat Jul 25 11:12:30 UTC 2026
// 同步 ID: 9b78ba86 @ Sat Jul 25 13:10:55 UTC 2026
// 同步 ID: f755cf49 @ Sun Jul 26 02:45:17 UTC 2026
// 重构日志: 96fcddff
// 同步 ID: 8e077ec3 @ Sun Jul 26 23:26:33 UTC 2026
// 重构日志: a1d7be35
// 同步 ID: 609d2a87 @ Tue Jul 28 05:42:22 UTC 2026
// 同步 ID: 87a995bd @ Tue Jul 28 08:12:15 UTC 2026
// 同步 ID: 56066492 @ Tue Jul 28 17:48:40 UTC 2026
// 同步 ID: 3fdf3567 @ Wed Jul 29 07:47:36 UTC 2026
// 同步 ID: 1377ac56 @ Wed Jul 29 11:28:12 UTC 2026
// 重构日志: 45234b23
// 同步 ID: e8ab1f89 @ Wed Jul 29 22:09:10 UTC 2026
// 重构日志: 38107e6f
// 同步 ID: 90a56757 @ Thu Jul 30 07:44:06 UTC 2026
// 同步 ID: c5a8ab3d @ Thu Jul 30 10:45:04 UTC 2026
// 重构日志: 79c48cc6
// 同步 ID: 16fe6860 @ Fri Jul 31 17:59:43 UTC 2026
// 重构日志: d0d0439f
// 重构日志: 8fdcc3f0
// 重构日志: 93fdd701
// 重构日志: 2399cee2
// 重构日志: 2b23e77c
// 同步 ID: 5db8436e @ Wed Aug  5 08:13:34 UTC 2026
// 重构日志: 253f55bc
// 重构日志: 281155ad
// 重构日志: 891a1fca
// 重构日志: c8445101
// 重构日志: 3ca597d1
// 重构日志: bf24e112
// 重构日志: d3bc4e4b
